
--- Job HW2Dual.gms Start 10/02/26 22:51:40 54.4.0 9a60ae27 WEX-WEI x86 64bit/MS Windows
--- Applying:
    C:\GAMS\54\gmsprmNT.txt
--- GAMS Parameters defined
    Input "C:\Users\isabe\OneDrive\Desktop\Systems Analysis\SystemsAnalysisCoursework\DualHW\HW2Dual.gms"
    PageSize 0
    ScrDir "C:\Users\isabe\OneDrive\Desktop\Systems Analysis\SystemsAnalysisCoursework\DualHW\225a\"
    SysDir C:\GAMS\54\
    LogOption 3
    AppendLog 1
    ErrMsg 1
    ErrorLog 99
    IDE 1
    LstTitleLeftAligned 1
Licensee: Course License                                 G260818+0003Ac-GEN
          Utah State University                                     DCE5615
          225a\gamslice.dat
          1d9a2824-f32d-4897
          node:89659105 mem:16 cores:12 ipport:60333 v:2                   
          Course license for use within the course and related course work
          The time-limited license stops working on : Jun 14, 2027
System information: 12 physical cores and 16 Gb physical memory detected
GAMS 54.4.0   Copyright (C) 1987-2026 GAMS Development. All rights reserved
--- Starting compilation
--- HW2Dual.gms(87) 3 Mb
--- Starting execution: elapsed 0:00:00.020
--- Generating LP model PLANTING_DUAL
--- HW2Dual.gms(84) 4 Mb
---   3 rows  5 columns  12 non-zeroes
--- Range statistics (absolute non-zero finite values)
--- RHS       [min, max] : [ 1.000E+02, 1.200E+02] - Zero values observed as well
--- Bound     [min, max] : [        NA,        NA] - Zero values observed as well
--- Matrix    [min, max] : [ 1.000E+00, 1.800E+04]
--- Executing CPLEX (Solvelink=2): elapsed 0:00:00.164

IBM ILOG CPLEX   54.4.0 9a60ae27 Sep 9, 2026           WEI x86 64bit/MS Window

*** This solver runs with a community license.
--- GMO setup time: 0.00s
--- GMO memory 0.50 Mb (peak 0.50 Mb)
--- Dictionary memory 0.00 Mb
--- Cplex 22.1.2.0 link memory 0.00 Mb (peak 0.00 Mb)
--- Starting Cplex

Version identifier: 22.1.2.0 | 2024-11-25 | 0edbb82fd
CPXPARAM_Advance                                 0
CPXPARAM_Simplex_Display                         2
CPXPARAM_MIP_Display                             4
CPXPARAM_MIP_Pool_Capacity                       0
CPXPARAM_Preprocessing_QCPDuals                  0
CPXPARAM_MIP_Tolerances_AbsMIPGap                0
Tried aggregator 1 time.
LP Presolve eliminated 0 rows and 1 columns.
Reduced LP has 2 rows, 4 columns, and 7 nonzeros.
Presolve time = 0.00 sec. (0.00 ticks)

Iteration      Dual Objective            In Variable           Out Variable
     1         1080000.000000                Y(July)RES_CONS_DUAL(Gra slack
     2         1160000.000000                Y(Land)RES_CONS_DUAL(Hay slack

--- LP status (1): optimal.
--- Cplex Time: 0.00sec (det. 0.00 ticks)


Optimal solution found
Objective:      1160000.000000

--- Reading solution for model PLANTING_DUAL
*** Status: Normal completion
--- Job HW2Dual.gms Stop 10/02/26 22:51:41 elapsed 0:00:00.736
